#-----------------------------------------------------------
# Vivado v2019.1 (64-bit)
# SW Build 2552052 on Fri May 24 14:49:42 MDT 2019
# IP Build 2548770 on Fri May 24 18:01:18 MDT 2019
# Start of session at: Mon Dec  5 11:29:46 2022
# Process ID: 21960
# Current directory: C:/profiles/ssinharoy.old/Desktop/CryptographicEngineering/Vivado_Verilog/CryptoProcessor_2021_22/project_1
# Command line: vivado.exe -gui_launcher_event rodinguilauncherevent20376 C:\profiles\ssinharoy.old\Desktop\CryptographicEngineering\Vivado_Verilog\CryptoProcessor_2021_22\project_1\project_1.xpr
# Log file: C:/profiles/ssinharoy.old/Desktop/CryptographicEngineering/Vivado_Verilog/CryptoProcessor_2021_22/project_1/vivado.log
# Journal file: C:/profiles/ssinharoy.old/Desktop/CryptographicEngineering/Vivado_Verilog/CryptoProcessor_2021_22/project_1\vivado.jou
#-----------------------------------------------------------
start_gui
open_project C:/profiles/ssinharoy.old/Desktop/CryptographicEngineering/Vivado_Verilog/CryptoProcessor_2021_22/project_1/project_1.xpr
update_compile_order -fileset sources_1
launch_sdk -workspace C:/profiles/ssinharoy.old/Desktop/CryptographicEngineering/Vivado_Verilog/CryptoProcessor_2021_22/project_1/project_1.sdk -hwspec C:/profiles/ssinharoy.old/Desktop/CryptographicEngineering/Vivado_Verilog/CryptoProcessor_2021_22/project_1/project_1.sdk/cryptoprocessor_wrapper.hdf
